******************************************************************************
            TI ARM Clang Linker PC v4.0.0                      
******************************************************************************
>> Linked Tue Apr  8 15:19:22 2025

OUTPUT FILE NAME:   <mspm0g1107_dwsa.out>
ENTRY POINT SYMBOL: "_c_int00_noargs"  address: 00001849


MEMORY CONFIGURATION

         name            origin    length      used     unused   attr    fill
----------------------  --------  ---------  --------  --------  ----  --------
  FLASH                 00000000   00020000  00001cc8  0001e338  R  X
  SRAM                  20200000   00008000  000003f3  00007c0d  RW X
  BCR_CONFIG            41c00000   000000ff  00000000  000000ff  R   
  BSL_CONFIG            41c00100   00000080  00000000  00000080  R   


SEGMENT ALLOCATION MAP

run origin  load origin   length   init length attrs members
----------  ----------- ---------- ----------- ----- -------
00000000    00000000    00001cc8   00001cc8    r-x
  00000000    00000000    000000c0   000000c0    r-- .intvecs
  000000c0    000000c0    00001950   00001950    r-x .text
  00001a10    00001a10    00000280   00000280    r-- .rodata
  00001c90    00001c90    00000038   00000038    r-- .cinit
20200000    20200000    000001f5   00000000    rw-
  20200000    20200000    000001e2   00000000    rw- .bss
  202001e4    202001e4    00000011   00000000    rw- .data
20207e00    20207e00    00000200   00000000    rw-
  20207e00    20207e00    00000200   00000000    rw- .stack


SECTION ALLOCATION MAP

 output                                  attributes/
section   page    origin      length       input sections
--------  ----  ----------  ----------   ----------------
.intvecs   0    00000000    000000c0     
                  00000000    000000c0     startup_mspm0g110x_ticlang.o (.intvecs)

.text      0    000000c0    00001950     
                  000000c0    00000868     libc.a : _printfi.c.obj (.text:__TI_printfi_nofloat)
                  00000928    000004ac     uart.o (.text.uart_update)
                  00000dd4    00000170     app.o (.text.app_loop)
                  00000f44    000000e8     driverlib.a : dl_timer.o (.text.DL_Timer_initTimerMode)
                  0000102c    000000b4     uart.o (.text.uart_init)
                  000010e0    000000b0     uart.o (.text.uart_on)
                  00001190    000000a2     libclang_rt.builtins.a : udivmoddi4.S.obj (.text)
                  00001232    0000009a     libc.a : memcpy16.S.obj (.text:memcpy)
                  000012cc    0000007c            : copy_decompress_lzss.c.obj (.text:decompress:lzss)
                  00001348    00000070     ti_msp_dl_config.o (.text.SYSCFG_DL_UART_0_init)
                  000013b8    00000062     libc.a : memset16.S.obj (.text:memset)
                  0000141a    00000002     startup_mspm0g110x_ticlang.o (.text.Default_Handler)
                  0000141c    00000060     ti_msp_dl_config.o (.text.SYSCFG_DL_ADC12_0_init)
                  0000147c    00000048     driverlib.a : dl_uart.o (.text.DL_UART_init)
                  000014c4    00000048     ti_msp_dl_config.o (.text.SYSCFG_DL_initPower)
                  0000150c    00000040     driverlib.a : dl_adc12.o (.text.DL_ADC12_setClockConfig)
                  0000154c    00000040     libclang_rt.builtins.a : aeabi_uidivmod.S.obj (.text.__aeabi_uidivmod)
                  0000158c    00000040     libc.a : atoi.c.obj (.text.atoi)
                  000015cc    0000003c            : autoinit.c.obj (.text:__TI_auto_init_nobinit_nopinit)
                  00001608    0000003a     libclang_rt.builtins.a : muldsi3.S.obj (.text.__muldsi3)
                  00001642    00000002                            : aeabi_div0.c.obj (.text.__aeabi_idiv0)
                  00001644    00000038     ti_msp_dl_config.o (.text.SYSCFG_DL_TIMER_0_init)
                  0000167c    00000038     ti_msp_dl_config.o (.text.SYSCFG_DL_TIMER_1_init)
                  000016b4    00000038     app.o (.text.app_init)
                  000016ec    00000038     libc.a : sprintf.c.obj (.text.sprintf)
                  00001724    00000034     ti_msp_dl_config.o (.text.SYSCFG_DL_GPIO_init)
                  00001758    00000034     ti_msp_dl_config.o (.text.SYSCFG_DL_init)
                  0000178c    00000034     app.o (.text.TIMA1_IRQHandler)
                  000017c0    00000030     ti_msp_dl_config.o (.text.SYSCFG_DL_SYSCTL_init)
                  000017f0    00000030     uart.o (.text.UART0_IRQHandler)
                  00001820    00000028     app.o (.text.ADC0_IRQHandler)
                  00001848    00000028     libc.a : boot_cortex_m.c.obj (.text:_c_int00_noargs)
                  00001870    00000024     libclang_rt.builtins.a : muldi3.S.obj (.text.__muldi3)
                  00001894    00000022     libc.a : memccpy.c.obj (.text.memccpy)
                  000018b6    00000002     libclang_rt.builtins.a : aeabi_div0.c.obj (.text.__aeabi_ldiv0)
                  000018b8    00000020     driverlib.a : dl_uart.o (.text.DL_UART_transmitDataBlocking)
                  000018d8    00000020     app.o (.text.TIMA0_IRQHandler)
                  000018f8    0000001e     libclang_rt.builtins.a : ashldi3.S.obj (.text.__ashldi3)
                  00001916    00000002     --HOLE-- [fill = 0]
                  00001918    0000001c     driverlib.a : dl_timer.o (.text.DL_Timer_setClockConfig)
                  00001934    00000018     libc.a : sprintf.c.obj (.text._outs)
                  0000194c    00000016     empty_mspm0g1107.o (.text.main)
                  00001962    00000016     libc.a : copy_zero_init.c.obj (.text:decompress:ZI:__TI_zero_init_nomemset)
                  00001978    00000014     libclang_rt.builtins.a : aeabi_uldivmod.S.obj (.text.__aeabi_uldivmod)
                  0000198c    00000012     driverlib.a : dl_uart.o (.text.DL_UART_setClockConfig)
                  0000199e    00000012     libc.a : copy_decompress_none.c.obj (.text:decompress:none)
                  000019b0    00000010            : wcslen.c.obj (.text.wcslen)
                  000019c0    0000000e     libclang_rt.builtins.a : aeabi_memset.S.obj (.text.__aeabi_memset)
                  000019ce    0000000e     libc.a : _printfi.c.obj (.text.strlen)
                  000019dc    0000000a     driverlib.a : dl_common.o (.text.DL_Common_delayCycles)
                  000019e6    0000000a     libc.a : sprintf.c.obj (.text._outc)
                  000019f0    00000008            : aeabi_portable.c.obj (.text.__aeabi_errno_addr)
                  000019f8    00000008     libclang_rt.builtins.a : aeabi_memcpy.S.obj (.text.__aeabi_memcpy)
                  00001a00    00000004     startup_mspm0g110x_ticlang.o (.text.Reset_Handler)
                  00001a04    00000004     libc.a : pre_init.c.obj (.text._system_pre_init)
                  00001a08    00000004            : exit.c.obj (.text:abort)
                  00001a0c    00000004     --HOLE-- [fill = 0]

.cinit     0    00001c90    00000038     
                  00001c90    0000000d     (.cinit..data.load) [load image, compression = lzss]
                  00001c9d    00000003     --HOLE-- [fill = 0]
                  00001ca0    0000000c     (__TI_handler_table)
                  00001cac    00000008     (.cinit..bss.load) [load image, compression = zero_init]
                  00001cb4    00000010     (__TI_cinit_table)
                  00001cc4    00000004     --HOLE-- [fill = 0]

.rodata    0    00001a10    00000280     
                  00001a10    00000101     libc.a : aeabi_ctype.S.obj (.rodata:__aeabi_ctype_table_)
                  00001b11    0000001c     uart.o (.rodata.str1.42213884581248441661)
                  00001b2d    00000003     ti_msp_dl_config.o (.rodata.gTIMER_0ClockConfig)
                  00001b30    0000001b     uart.o (.rodata.str1.140686985343945527454)
                  00001b4b    00000001     --HOLE-- [fill = 0]
                  00001b4c    00000017     uart.o (.rodata.str1.96789488560665122274)
                  00001b63    00000001     --HOLE-- [fill = 0]
                  00001b64    00000014     ti_msp_dl_config.o (.rodata.gTIMER_0TimerConfig)
                  00001b78    00000014     ti_msp_dl_config.o (.rodata.gTIMER_1TimerConfig)
                  00001b8c    00000014     uart.o (.rodata.str1.49824621409508408574)
                  00001ba0    00000013     uart.o (.rodata.str1.179597031161170557204)
                  00001bb3    00000001     --HOLE-- [fill = 0]
                  00001bb4    00000012     uart.o (.rodata.str1.48047674932939704244)
                  00001bc6    00000011     libc.a : _printfi.c.obj (.rodata.str1.103488685894817597201)
                  00001bd7    00000011            : _printfi.c.obj (.rodata.str1.153638888446227384661)
                  00001be8    00000011     uart.o (.rodata.str1.23051849822425155951)
                  00001bf9    00000003     ti_msp_dl_config.o (.rodata.gTIMER_1ClockConfig)
                  00001bfc    00000011     uart.o (.rodata.str1.69145043378907080114)
                  00001c0d    00000002     ti_msp_dl_config.o (.rodata.gUART_0ClockConfig)
                  00001c0f    00000001     --HOLE-- [fill = 0]
                  00001c10    00000011     uart.o (.rodata.str1.91060141697317318254)
                  00001c21    00000010     uart.o (.rodata.str1.117181193227031660101)
                  00001c31    00000010     uart.o (.rodata.str1.41149070340330827651)
                  00001c41    0000000f     uart.o (.rodata.str1.105281251402119306041)
                  00001c50    0000000f     uart.o (.rodata.str1.47590101213128994831)
                  00001c5f    00000001     --HOLE-- [fill = 0]
                  00001c60    0000000e     uart.o (.rodata.str1.77857981841570324814)
                  00001c6e    0000000a     ti_msp_dl_config.o (.rodata.gUART_0Config)
                  00001c78    0000000a     uart.o (.rodata.str1.107934934761526037834)
                  00001c82    00000002     --HOLE-- [fill = 0]
                  00001c84    00000008     ti_msp_dl_config.o (.rodata.gADC12_0ClockConfig)
                  00001c8c    00000004     --HOLE-- [fill = 0]

.init_array 
*          0    00000000    00000000     UNINITIALIZED

.binit     0    00000000    00000000     

.bss       0    20200000    000001e2     UNINITIALIZED
                  20200000    000000bc     (.common:gTIMER_0Backup)
                  202000bc    000000bc     (.common:gTIMER_1Backup)
                  20200178    00000064     (.common:uartBuf)
                  202001dc    00000004     (.common:Flags)
                  202001e0    00000001     (.common:hall_cntr)
                  202001e1    00000001     (.common:led_cntr)

.data      0    202001e4    00000011     UNINITIALIZED
                  202001e4    00000004     libc.a : aeabi_portable.c.obj (.data.__aeabi_errno)
                  202001e8    00000004     uart.o (.data.uartBoardName)
                  202001ec    00000002     app.o (.data.Hall1)
                  202001ee    00000002     app.o (.data.Hall2)
                  202001f0    00000002     app.o (.data.armedHall1)
                  202001f2    00000002     app.o (.data.armedHall2)
                  202001f4    00000001     uart.o (.data.uartRd)

.stack     0    20207e00    00000200     UNINITIALIZED
                  20207e00    00000004     libc.a : boot_cortex_m.c.obj (.stack)
                  20207e04    000001fc     --HOLE--

__llvm_prf_cnts 
*          0    20200000    00000000     UNINITIALIZED

__llvm_prf_bits 
*          0    20200000    00000000     UNINITIALIZED

MODULE SUMMARY

       Module                         code   ro data   rw data
       ------                         ----   -------   -------
    .\
       startup_mspm0g110x_ticlang.o   6      192       0      
       empty_mspm0g1107.o             22     0         4      
    +--+------------------------------+------+---------+---------+
       Total:                         28     192       4      
                                                              
    .\app\
       uart.o                         1600   272       105    
       app.o                          548    0         10     
    +--+------------------------------+------+---------+---------+
       Total:                         2148   272       115    
                                                              
    .\syscfg\
       ti_msp_dl_config.o             544    66        376    
    +--+------------------------------+------+---------+---------+
       Total:                         544    66        376    
                                                              
    C:/ti/mspm0_sdk_2_04_00_06/source/ti/driverlib/lib/ticlang/m0p/mspm0g1x0x_g3x0x/driverlib.a
       dl_timer.o                     260    0         0      
       dl_uart.o                      122    0         0      
       dl_adc12.o                     64     0         0      
       dl_common.o                    10     0         0      
    +--+------------------------------+------+---------+---------+
       Total:                         456    0         0      
                                                              
    C:\ti\ccstheia151\ccs\tools\compiler\ti-cgt-armllvm_4.0.0.LTS\lib\armv6m-ti-none-eabi/c/libc.a
       _printfi.c.obj                 2166   34        0      
       aeabi_ctype.S.obj              0      257       0      
       memcpy16.S.obj                 154    0         0      
       copy_decompress_lzss.c.obj     124    0         0      
       memset16.S.obj                 98     0         0      
       sprintf.c.obj                  90     0         0      
       atoi.c.obj                     64     0         0      
       autoinit.c.obj                 60     0         0      
       boot_cortex_m.c.obj            40     0         0      
       memccpy.c.obj                  34     0         0      
       copy_zero_init.c.obj           22     0         0      
       copy_decompress_none.c.obj     18     0         0      
       wcslen.c.obj                   16     0         0      
       aeabi_portable.c.obj           8      0         4      
       exit.c.obj                     4      0         0      
       pre_init.c.obj                 4      0         0      
    +--+------------------------------+------+---------+---------+
       Total:                         2902   291       4      
                                                              
    C:\ti\ccstheia151\ccs\tools\compiler\ti-cgt-armllvm_4.0.0.LTS\lib\armv6m-ti-none-eabi/libclang_rt.builtins.a
       udivmoddi4.S.obj               162    0         0      
       aeabi_uidivmod.S.obj           64     0         0      
       muldsi3.S.obj                  58     0         0      
       muldi3.S.obj                   36     0         0      
       ashldi3.S.obj                  30     0         0      
       aeabi_uldivmod.S.obj           20     0         0      
       aeabi_memset.S.obj             14     0         0      
       aeabi_memcpy.S.obj             8      0         0      
       aeabi_div0.c.obj               4      0         0      
    +--+------------------------------+------+---------+---------+
       Total:                         396    0         0      
                                                              
       Stack:                         0      0         512    
       Linker Generated:              0      49        0      
    +--+------------------------------+------+---------+---------+
       Grand Total:                   6474   870       1011   


LINKER GENERATED COPY TABLES

__TI_cinit_table @ 00001cb4 records: 2, size/record: 8, table size: 16
	.data: load addr=00001c90, load size=0000000d bytes, run addr=202001e4, run size=00000011 bytes, compression=lzss
	.bss: load addr=00001cac, load size=00000008 bytes, run addr=20200000, run size=000001e2 bytes, compression=zero_init


LINKER GENERATED HANDLER TABLE

__TI_handler_table @ 00001ca0 records: 3, size/record: 4, table size: 12
	index: 0, handler: __TI_decompress_lzss
	index: 1, handler: __TI_decompress_none
	index: 2, handler: __TI_zero_init


GLOBAL SYMBOLS: SORTED ALPHABETICALLY BY Name 

address   name                          
-------   ----                          
00001821  ADC0_IRQHandler               
0000141b  ADC1_IRQHandler               
00001a08  C$$EXIT                       
0000150d  DL_ADC12_setClockConfig       
000019dd  DL_Common_delayCycles         
00000f45  DL_Timer_initTimerMode        
00001919  DL_Timer_setClockConfig       
0000147d  DL_UART_init                  
0000198d  DL_UART_setClockConfig        
000018b9  DL_UART_transmitDataBlocking  
0000141b  DMA_IRQHandler                
0000141b  Default_Handler               
202001dc  Flags                         
0000141b  GROUP0_IRQHandler             
0000141b  GROUP1_IRQHandler             
202001ec  Hall1                         
202001ee  Hall2                         
0000141b  HardFault_Handler             
0000141b  I2C0_IRQHandler               
0000141b  I2C1_IRQHandler               
0000141b  NMI_Handler                   
0000141b  PendSV_Handler                
0000141b  RTC_IRQHandler                
00001a01  Reset_Handler                 
0000141b  SPI0_IRQHandler               
0000141b  SPI1_IRQHandler               
0000141b  SVC_Handler                   
0000141d  SYSCFG_DL_ADC12_0_init        
00001725  SYSCFG_DL_GPIO_init           
000017c1  SYSCFG_DL_SYSCTL_init         
00001645  SYSCFG_DL_TIMER_0_init        
0000167d  SYSCFG_DL_TIMER_1_init        
00001349  SYSCFG_DL_UART_0_init         
00001759  SYSCFG_DL_init                
000014c5  SYSCFG_DL_initPower           
0000141b  SysTick_Handler               
000018d9  TIMA0_IRQHandler              
0000178d  TIMA1_IRQHandler              
0000141b  TIMG0_IRQHandler              
0000141b  TIMG12_IRQHandler             
0000141b  TIMG6_IRQHandler              
0000141b  TIMG7_IRQHandler              
0000141b  TIMG8_IRQHandler              
000017f1  UART0_IRQHandler              
0000141b  UART1_IRQHandler              
0000141b  UART2_IRQHandler              
0000141b  UART3_IRQHandler              
20208000  __STACK_END                   
00000200  __STACK_SIZE                  
00000000  __TI_ATRegion0_region_sz      
00000000  __TI_ATRegion0_src_addr       
00000000  __TI_ATRegion0_trg_addr       
00000000  __TI_ATRegion1_region_sz      
00000000  __TI_ATRegion1_src_addr       
00000000  __TI_ATRegion1_trg_addr       
00000000  __TI_ATRegion2_region_sz      
00000000  __TI_ATRegion2_src_addr       
00000000  __TI_ATRegion2_trg_addr       
00001cb4  __TI_CINIT_Base               
00001cc4  __TI_CINIT_Limit              
00001cc4  __TI_CINIT_Warm               
00001ca0  __TI_Handler_Table_Base       
00001cac  __TI_Handler_Table_Limit      
000015cd  __TI_auto_init_nobinit_nopinit
000012cd  __TI_decompress_lzss          
0000199f  __TI_decompress_none          
ffffffff  __TI_pprof_out_hndl           
000000c1  __TI_printfi_nofloat          
ffffffff  __TI_prof_data_size           
ffffffff  __TI_prof_data_start          
00000000  __TI_static_base__            
00001963  __TI_zero_init_nomemset       
00001a10  __aeabi_ctype_table_          
00001a10  __aeabi_ctype_table_C         
202001e4  __aeabi_errno                 
000019f1  __aeabi_errno_addr            
00001643  __aeabi_idiv0                 
000018b7  __aeabi_ldiv0                 
000018f9  __aeabi_llsl                  
00001871  __aeabi_lmul                  
000019f9  __aeabi_memcpy                
000019f9  __aeabi_memcpy4               
000019f9  __aeabi_memcpy8               
000019c1  __aeabi_memset                
000019c1  __aeabi_memset4               
000019c1  __aeabi_memset8               
0000154d  __aeabi_uidiv                 
0000154d  __aeabi_uidivmod              
00001979  __aeabi_uldivmod              
000018f9  __ashldi3                     
ffffffff  __binit__                     
UNDEFED   __mpu_init                    
00001871  __muldi3                      
00001609  __muldsi3                     
20207e00  __stack                       
20200000  __start___llvm_prf_bits       
20200000  __start___llvm_prf_cnts       
20200000  __stop___llvm_prf_bits        
20200000  __stop___llvm_prf_cnts        
00001191  __udivmoddi4                  
00001849  _c_int00_noargs               
UNDEFED   _system_post_cinit            
00001a05  _system_pre_init              
00001a09  abort                         
000016b5  app_init                      
00000dd5  app_loop                      
202001f0  armedHall1                    
202001f2  armedHall2                    
0000158d  atoi                          
ffffffff  binit                         
20200000  gTIMER_0Backup                
202000bc  gTIMER_1Backup                
202001e0  hall_cntr                     
00000000  interruptVectors              
202001e1  led_cntr                      
0000194d  main                          
00001895  memccpy                       
00001233  memcpy                        
000013b9  memset                        
000016ed  sprintf                       
202001e8  uartBoardName                 
20200178  uartBuf                       
202001f4  uartRd                        
0000102d  uart_init                     
000010e1  uart_on                       
00000929  uart_update                   
000019b1  wcslen                        


GLOBAL SYMBOLS: SORTED BY Symbol Address 

address   name                          
-------   ----                          
00000000  __TI_ATRegion0_region_sz      
00000000  __TI_ATRegion0_src_addr       
00000000  __TI_ATRegion0_trg_addr       
00000000  __TI_ATRegion1_region_sz      
00000000  __TI_ATRegion1_src_addr       
00000000  __TI_ATRegion1_trg_addr       
00000000  __TI_ATRegion2_region_sz      
00000000  __TI_ATRegion2_src_addr       
00000000  __TI_ATRegion2_trg_addr       
00000000  __TI_static_base__            
00000000  interruptVectors              
000000c1  __TI_printfi_nofloat          
00000200  __STACK_SIZE                  
00000929  uart_update                   
00000dd5  app_loop                      
00000f45  DL_Timer_initTimerMode        
0000102d  uart_init                     
000010e1  uart_on                       
00001191  __udivmoddi4                  
00001233  memcpy                        
000012cd  __TI_decompress_lzss          
00001349  SYSCFG_DL_UART_0_init         
000013b9  memset                        
0000141b  ADC1_IRQHandler               
0000141b  DMA_IRQHandler                
0000141b  Default_Handler               
0000141b  GROUP0_IRQHandler             
0000141b  GROUP1_IRQHandler             
0000141b  HardFault_Handler             
0000141b  I2C0_IRQHandler               
0000141b  I2C1_IRQHandler               
0000141b  NMI_Handler                   
0000141b  PendSV_Handler                
0000141b  RTC_IRQHandler                
0000141b  SPI0_IRQHandler               
0000141b  SPI1_IRQHandler               
0000141b  SVC_Handler                   
0000141b  SysTick_Handler               
0000141b  TIMG0_IRQHandler              
0000141b  TIMG12_IRQHandler             
0000141b  TIMG6_IRQHandler              
0000141b  TIMG7_IRQHandler              
0000141b  TIMG8_IRQHandler              
0000141b  UART1_IRQHandler              
0000141b  UART2_IRQHandler              
0000141b  UART3_IRQHandler              
0000141d  SYSCFG_DL_ADC12_0_init        
0000147d  DL_UART_init                  
000014c5  SYSCFG_DL_initPower           
0000150d  DL_ADC12_setClockConfig       
0000154d  __aeabi_uidiv                 
0000154d  __aeabi_uidivmod              
0000158d  atoi                          
000015cd  __TI_auto_init_nobinit_nopinit
00001609  __muldsi3                     
00001643  __aeabi_idiv0                 
00001645  SYSCFG_DL_TIMER_0_init        
0000167d  SYSCFG_DL_TIMER_1_init        
000016b5  app_init                      
000016ed  sprintf                       
00001725  SYSCFG_DL_GPIO_init           
00001759  SYSCFG_DL_init                
0000178d  TIMA1_IRQHandler              
000017c1  SYSCFG_DL_SYSCTL_init         
000017f1  UART0_IRQHandler              
00001821  ADC0_IRQHandler               
00001849  _c_int00_noargs               
00001871  __aeabi_lmul                  
00001871  __muldi3                      
00001895  memccpy                       
000018b7  __aeabi_ldiv0                 
000018b9  DL_UART_transmitDataBlocking  
000018d9  TIMA0_IRQHandler              
000018f9  __aeabi_llsl                  
000018f9  __ashldi3                     
00001919  DL_Timer_setClockConfig       
0000194d  main                          
00001963  __TI_zero_init_nomemset       
00001979  __aeabi_uldivmod              
0000198d  DL_UART_setClockConfig        
0000199f  __TI_decompress_none          
000019b1  wcslen                        
000019c1  __aeabi_memset                
000019c1  __aeabi_memset4               
000019c1  __aeabi_memset8               
000019dd  DL_Common_delayCycles         
000019f1  __aeabi_errno_addr            
000019f9  __aeabi_memcpy                
000019f9  __aeabi_memcpy4               
000019f9  __aeabi_memcpy8               
00001a01  Reset_Handler                 
00001a05  _system_pre_init              
00001a08  C$$EXIT                       
00001a09  abort                         
00001a10  __aeabi_ctype_table_          
00001a10  __aeabi_ctype_table_C         
00001ca0  __TI_Handler_Table_Base       
00001cac  __TI_Handler_Table_Limit      
00001cb4  __TI_CINIT_Base               
00001cc4  __TI_CINIT_Limit              
00001cc4  __TI_CINIT_Warm               
20200000  __start___llvm_prf_bits       
20200000  __start___llvm_prf_cnts       
20200000  __stop___llvm_prf_bits        
20200000  __stop___llvm_prf_cnts        
20200000  gTIMER_0Backup                
202000bc  gTIMER_1Backup                
20200178  uartBuf                       
202001dc  Flags                         
202001e0  hall_cntr                     
202001e1  led_cntr                      
202001e4  __aeabi_errno                 
202001e8  uartBoardName                 
202001ec  Hall1                         
202001ee  Hall2                         
202001f0  armedHall1                    
202001f2  armedHall2                    
202001f4  uartRd                        
20207e00  __stack                       
20208000  __STACK_END                   
ffffffff  __TI_pprof_out_hndl           
ffffffff  __TI_prof_data_size           
ffffffff  __TI_prof_data_start          
ffffffff  __binit__                     
ffffffff  binit                         
UNDEFED   __mpu_init                    
UNDEFED   _system_post_cinit            

[127 symbols]
